------------------------------------------------------------
Timing Analyzer Summary
------------------------------------------------------------

Type  : Slow 1200mV 85C Model Setup 'clk_50'
Slack : 4.013
TNS   : 0.000

Type  : Slow 1200mV 85C Model Hold 'clk_50'
Slack : 0.337
TNS   : 0.000

Type  : Slow 1200mV 85C Model Minimum Pulse Width 'SRAM_unit|Clock_100_PLL_inst|altpll_component|auto_generated|pll1|clk[0]'
Slack : 4.760
TNS   : 0.000

Type  : Slow 1200mV 85C Model Minimum Pulse Width 'clk_50'
Slack : 9.494
TNS   : 0.000

Type  : Slow 1200mV 0C Model Setup 'clk_50'
Slack : 5.609
TNS   : 0.000

Type  : Slow 1200mV 0C Model Hold 'clk_50'
Slack : 0.340
TNS   : 0.000

Type  : Slow 1200mV 0C Model Minimum Pulse Width 'SRAM_unit|Clock_100_PLL_inst|altpll_component|auto_generated|pll1|clk[0]'
Slack : 4.754
TNS   : 0.000

Type  : Slow 1200mV 0C Model Minimum Pulse Width 'clk_50'
Slack : 9.532
TNS   : 0.000

Type  : Fast 1200mV 0C Model Setup 'clk_50'
Slack : 12.009
TNS   : 0.000

Type  : Fast 1200mV 0C Model Hold 'clk_50'
Slack : 0.123
TNS   : 0.000

Type  : Fast 1200mV 0C Model Minimum Pulse Width 'SRAM_unit|Clock_100_PLL_inst|altpll_component|auto_generated|pll1|clk[0]'
Slack : 4.775
TNS   : 0.000

Type  : Fast 1200mV 0C Model Minimum Pulse Width 'clk_50'
Slack : 9.374
TNS   : 0.000

------------------------------------------------------------
